Archive member included because of file (symbol)

/usr/local/CrossPack-AVR-20121207/lib/gcc/avr/4.6.2/avr4/libgcc.a(_mulsi3.o)
                              ./cl-osd.o (__mulsi3)
/usr/local/CrossPack-AVR-20121207/lib/gcc/avr/4.6.2/avr4/libgcc.a(_udivmodhi4.o)
                              ./cl-osd.o (__udivmodhi4)
/usr/local/CrossPack-AVR-20121207/lib/gcc/avr/4.6.2/avr4/libgcc.a(_udivmodsi4.o)
                              ./cl-osd.o (__udivmodsi4)
/usr/local/CrossPack-AVR-20121207/lib/gcc/avr/4.6.2/avr4/libgcc.a(_divmodsi4.o)
                              ./cl-osd.o (__divmodsi4)
/usr/local/CrossPack-AVR-20121207/lib/gcc/avr/4.6.2/avr4/libgcc.a(_exit.o)
                              /usr/local/CrossPack-AVR-20121207/lib/gcc/avr/4.6.2/../../../../avr/lib/avr4/crtm88.o (exit)
/usr/local/CrossPack-AVR-20121207/lib/gcc/avr/4.6.2/avr4/libgcc.a(_copy_data.o)
                              ./cl-osd.o (__do_copy_data)
/usr/local/CrossPack-AVR-20121207/lib/gcc/avr/4.6.2/avr4/libgcc.a(_clear_bss.o)
                              ./cl-osd.o (__do_clear_bss)
/usr/local/CrossPack-AVR-20121207/lib/gcc/avr/4.6.2/avr4/libgcc.a(_fixunssfsi.o)
                              ./cl-osd.o (__fixunssfsi)
/usr/local/CrossPack-AVR-20121207/lib/gcc/avr/4.6.2/avr4/libgcc.a(_addsub_sf.o)
                              /usr/local/CrossPack-AVR-20121207/lib/gcc/avr/4.6.2/avr4/libgcc.a(_fixunssfsi.o) (__subsf3)
/usr/local/CrossPack-AVR-20121207/lib/gcc/avr/4.6.2/avr4/libgcc.a(_mul_sf.o)
                              ./cl-osd.o (__mulsf3)
/usr/local/CrossPack-AVR-20121207/lib/gcc/avr/4.6.2/avr4/libgcc.a(_ge_sf.o)
                              /usr/local/CrossPack-AVR-20121207/lib/gcc/avr/4.6.2/avr4/libgcc.a(_fixunssfsi.o) (__gesf2)
/usr/local/CrossPack-AVR-20121207/lib/gcc/avr/4.6.2/avr4/libgcc.a(_sf_to_si.o)
                              /usr/local/CrossPack-AVR-20121207/lib/gcc/avr/4.6.2/avr4/libgcc.a(_fixunssfsi.o) (__fixsfsi)
/usr/local/CrossPack-AVR-20121207/lib/gcc/avr/4.6.2/avr4/libgcc.a(_thenan_sf.o)
                              /usr/local/CrossPack-AVR-20121207/lib/gcc/avr/4.6.2/avr4/libgcc.a(_addsub_sf.o) (__thenan_sf)
/usr/local/CrossPack-AVR-20121207/lib/gcc/avr/4.6.2/avr4/libgcc.a(_usi_to_sf.o)
                              ./cl-osd.o (__floatunsisf)
/usr/local/CrossPack-AVR-20121207/lib/gcc/avr/4.6.2/avr4/libgcc.a(_prologue.o)
                              /usr/local/CrossPack-AVR-20121207/lib/gcc/avr/4.6.2/avr4/libgcc.a(_addsub_sf.o) (__prologue_saves__)
/usr/local/CrossPack-AVR-20121207/lib/gcc/avr/4.6.2/avr4/libgcc.a(_epilogue.o)
                              /usr/local/CrossPack-AVR-20121207/lib/gcc/avr/4.6.2/avr4/libgcc.a(_addsub_sf.o) (__epilogue_restores__)
/usr/local/CrossPack-AVR-20121207/lib/gcc/avr/4.6.2/avr4/libgcc.a(_clzsi2.o)
                              /usr/local/CrossPack-AVR-20121207/lib/gcc/avr/4.6.2/avr4/libgcc.a(_usi_to_sf.o) (__clzsi2)
/usr/local/CrossPack-AVR-20121207/lib/gcc/avr/4.6.2/avr4/libgcc.a(_pack_sf.o)
                              /usr/local/CrossPack-AVR-20121207/lib/gcc/avr/4.6.2/avr4/libgcc.a(_addsub_sf.o) (__pack_f)
/usr/local/CrossPack-AVR-20121207/lib/gcc/avr/4.6.2/avr4/libgcc.a(_unpack_sf.o)
                              /usr/local/CrossPack-AVR-20121207/lib/gcc/avr/4.6.2/avr4/libgcc.a(_addsub_sf.o) (__unpack_f)
/usr/local/CrossPack-AVR-20121207/lib/gcc/avr/4.6.2/avr4/libgcc.a(_fpcmp_parts_sf.o)
                              /usr/local/CrossPack-AVR-20121207/lib/gcc/avr/4.6.2/avr4/libgcc.a(_ge_sf.o) (__fpcmp_parts_f)
/usr/local/CrossPack-AVR-20121207/lib/gcc/avr/4.6.2/avr4/libgcc.a(_clz.o)
                              /usr/local/CrossPack-AVR-20121207/lib/gcc/avr/4.6.2/avr4/libgcc.a(_clzsi2.o) (__clz_tab)
/usr/local/CrossPack-AVR-20121207/lib/gcc/avr/4.6.2/../../../../avr/lib/avr4/libc.a(strncpy.o)
                              ./cl-osd.o (strncpy)
/usr/local/CrossPack-AVR-20121207/lib/gcc/avr/4.6.2/../../../../avr/lib/avr4/libc.a(eerd_block_atmega88.o)
                              ./cl-osd.o (__eerd_block_m88)

Memory Configuration

Name             Origin             Length             Attributes
text             0x00000000         0x00002000         xr
data             0x00800060         0x0000ffa0         rw !x
eeprom           0x00810000         0x00010000         rw !x
fuse             0x00820000         0x00000400         rw !x
lock             0x00830000         0x00000400         rw !x
signature        0x00840000         0x00000400         rw !x
*default*        0x00000000         0xffffffff

Linker script and memory map

Address of section .data set to 0x800100
LOAD /usr/local/CrossPack-AVR-20121207/lib/gcc/avr/4.6.2/../../../../avr/lib/avr4/crtm88.o
LOAD ./cl-osd.o
LOAD /usr/local/CrossPack-AVR-20121207/lib/gcc/avr/4.6.2/avr4/libgcc.a
LOAD /usr/local/CrossPack-AVR-20121207/lib/gcc/avr/4.6.2/../../../../avr/lib/avr4/libc.a
LOAD /usr/local/CrossPack-AVR-20121207/lib/gcc/avr/4.6.2/avr4/libgcc.a

.hash
 *(.hash)

.dynsym
 *(.dynsym)

.dynstr
 *(.dynstr)

.gnu.version
 *(.gnu.version)

.gnu.version_d
 *(.gnu.version_d)

.gnu.version_r
 *(.gnu.version_r)

.rel.init
 *(.rel.init)

.rela.init
 *(.rela.init)

.rel.text
 *(.rel.text)
 *(.rel.text.*)
 *(.rel.gnu.linkonce.t*)

.rela.text
 *(.rela.text)
 *(.rela.text.*)
 *(.rela.gnu.linkonce.t*)

.rel.fini
 *(.rel.fini)

.rela.fini
 *(.rela.fini)

.rel.rodata
 *(.rel.rodata)
 *(.rel.rodata.*)
 *(.rel.gnu.linkonce.r*)

.rela.rodata
 *(.rela.rodata)
 *(.rela.rodata.*)
 *(.rela.gnu.linkonce.r*)

.rel.data
 *(.rel.data)
 *(.rel.data.*)
 *(.rel.gnu.linkonce.d*)

.rela.data
 *(.rela.data)
 *(.rela.data.*)
 *(.rela.gnu.linkonce.d*)

.rel.ctors
 *(.rel.ctors)

.rela.ctors
 *(.rela.ctors)

.rel.dtors
 *(.rel.dtors)

.rela.dtors
 *(.rela.dtors)

.rel.got
 *(.rel.got)

.rela.got
 *(.rela.got)

.rel.bss
 *(.rel.bss)

.rela.bss
 *(.rela.bss)

.rel.plt
 *(.rel.plt)

.rela.plt
 *(.rela.plt)

.text           0x00000000     0x1684
 *(.vectors)
 .vectors       0x00000000       0x34 /usr/local/CrossPack-AVR-20121207/lib/gcc/avr/4.6.2/../../../../avr/lib/avr4/crtm88.o
                0x00000000                __vectors
                0x00000000                __vector_default
 *(.vectors)
 *(.progmem.gcc*)
 *(.progmem*)
                0x00000034                . = ALIGN (0x2)
                0x00000034                __trampolines_start = .
 *(.trampolines)
 .trampolines   0x00000034        0x0 linker stubs
 *(.trampolines*)
                0x00000034                __trampolines_end = .
 *(.jumptables)
 *(.jumptables*)
 *(.lowtext)
 *(.lowtext*)
                0x00000034                __ctors_start = .
 *(.ctors)
                0x00000034                __ctors_end = .
                0x00000034                __dtors_start = .
 *(.dtors)
                0x00000034                __dtors_end = .
 SORT(*)(.ctors)
 SORT(*)(.dtors)
 *(.init0)
 .init0         0x00000034        0x0 /usr/local/CrossPack-AVR-20121207/lib/gcc/avr/4.6.2/../../../../avr/lib/avr4/crtm88.o
                0x00000034                __init
 *(.init0)
 *(.init1)
 *(.init1)
 *(.init2)
 .init2         0x00000034        0xc /usr/local/CrossPack-AVR-20121207/lib/gcc/avr/4.6.2/../../../../avr/lib/avr4/crtm88.o
 *(.init2)
 *(.init3)
 *(.init3)
 *(.init4)
 .init4         0x00000040       0x16 /usr/local/CrossPack-AVR-20121207/lib/gcc/avr/4.6.2/avr4/libgcc.a(_copy_data.o)
                0x00000040                __do_copy_data
 .init4         0x00000056       0x10 /usr/local/CrossPack-AVR-20121207/lib/gcc/avr/4.6.2/avr4/libgcc.a(_clear_bss.o)
                0x00000056                __do_clear_bss
 *(.init4)
 *(.init5)
 *(.init5)
 *(.init6)
 *(.init6)
 *(.init7)
 *(.init7)
 *(.init8)
 *(.init8)
 *(.init9)
 .init9         0x00000066        0x4 /usr/local/CrossPack-AVR-20121207/lib/gcc/avr/4.6.2/../../../../avr/lib/avr4/crtm88.o
 *(.init9)
 *(.text)
 .text          0x0000006a        0x2 /usr/local/CrossPack-AVR-20121207/lib/gcc/avr/4.6.2/../../../../avr/lib/avr4/crtm88.o
                0x0000006a                __vector_20
                0x0000006a                __vector_24
                0x0000006a                __vector_12
                0x0000006a                __bad_interrupt
                0x0000006a                __vector_6
                0x0000006a                __vector_3
                0x0000006a                __vector_23
                0x0000006a                __vector_25
                0x0000006a                __vector_11
                0x0000006a                __vector_17
                0x0000006a                __vector_19
                0x0000006a                __vector_7
                0x0000006a                __vector_5
                0x0000006a                __vector_4
                0x0000006a                __vector_9
                0x0000006a                __vector_2
                0x0000006a                __vector_21
                0x0000006a                __vector_15
                0x0000006a                __vector_8
                0x0000006a                __vector_14
                0x0000006a                __vector_10
                0x0000006a                __vector_16
                0x0000006a                __vector_18
                0x0000006a                __vector_22
 .text          0x0000006c      0x3b8 ./cl-osd.o
                0x00000206                __vector_1
                0x000003dc                __vector_13
 .text          0x00000424        0x0 /usr/local/CrossPack-AVR-20121207/lib/gcc/avr/4.6.2/avr4/libgcc.a(_mulsi3.o)
 .text          0x00000424        0x0 /usr/local/CrossPack-AVR-20121207/lib/gcc/avr/4.6.2/avr4/libgcc.a(_udivmodhi4.o)
 .text          0x00000424        0x0 /usr/local/CrossPack-AVR-20121207/lib/gcc/avr/4.6.2/avr4/libgcc.a(_udivmodsi4.o)
 .text          0x00000424        0x0 /usr/local/CrossPack-AVR-20121207/lib/gcc/avr/4.6.2/avr4/libgcc.a(_divmodsi4.o)
 .text          0x00000424        0x0 /usr/local/CrossPack-AVR-20121207/lib/gcc/avr/4.6.2/avr4/libgcc.a(_exit.o)
 .text          0x00000424        0x0 /usr/local/CrossPack-AVR-20121207/lib/gcc/avr/4.6.2/avr4/libgcc.a(_copy_data.o)
 .text          0x00000424        0x0 /usr/local/CrossPack-AVR-20121207/lib/gcc/avr/4.6.2/avr4/libgcc.a(_clear_bss.o)
 .text          0x00000424       0x58 /usr/local/CrossPack-AVR-20121207/lib/gcc/avr/4.6.2/avr4/libgcc.a(_fixunssfsi.o)
                0x00000424                __fixunssfsi
 .text          0x0000047c      0x35e /usr/local/CrossPack-AVR-20121207/lib/gcc/avr/4.6.2/avr4/libgcc.a(_addsub_sf.o)
                0x0000071a                __addsf3
                0x00000776                __subsf3
 .text          0x000007da      0x1f8 /usr/local/CrossPack-AVR-20121207/lib/gcc/avr/4.6.2/avr4/libgcc.a(_mul_sf.o)
                0x000007da                __mulsf3
 .text          0x000009d2       0x58 /usr/local/CrossPack-AVR-20121207/lib/gcc/avr/4.6.2/avr4/libgcc.a(_ge_sf.o)
                0x000009d2                __gesf2
 .text          0x00000a2a       0x9c /usr/local/CrossPack-AVR-20121207/lib/gcc/avr/4.6.2/avr4/libgcc.a(_sf_to_si.o)
                0x00000a2a                __fixsfsi
 .text          0x00000ac6        0x0 /usr/local/CrossPack-AVR-20121207/lib/gcc/avr/4.6.2/avr4/libgcc.a(_thenan_sf.o)
 .text          0x00000ac6       0xf2 /usr/local/CrossPack-AVR-20121207/lib/gcc/avr/4.6.2/avr4/libgcc.a(_usi_to_sf.o)
                0x00000ac6                __floatunsisf
 .text          0x00000bb8        0x0 /usr/local/CrossPack-AVR-20121207/lib/gcc/avr/4.6.2/avr4/libgcc.a(_prologue.o)
 .text          0x00000bb8        0x0 /usr/local/CrossPack-AVR-20121207/lib/gcc/avr/4.6.2/avr4/libgcc.a(_epilogue.o)
 .text          0x00000bb8       0xa6 /usr/local/CrossPack-AVR-20121207/lib/gcc/avr/4.6.2/avr4/libgcc.a(_clzsi2.o)
                0x00000bb8                __clzsi2
 .text          0x00000c5e      0x1ae /usr/local/CrossPack-AVR-20121207/lib/gcc/avr/4.6.2/avr4/libgcc.a(_pack_sf.o)
                0x00000c5e                __pack_f
 .text          0x00000e0c       0xd2 /usr/local/CrossPack-AVR-20121207/lib/gcc/avr/4.6.2/avr4/libgcc.a(_unpack_sf.o)
                0x00000e0c                __unpack_f
 .text          0x00000ede       0xba /usr/local/CrossPack-AVR-20121207/lib/gcc/avr/4.6.2/avr4/libgcc.a(_fpcmp_parts_sf.o)
                0x00000ede                __fpcmp_parts_f
 .text          0x00000f98        0x0 /usr/local/CrossPack-AVR-20121207/lib/gcc/avr/4.6.2/avr4/libgcc.a(_clz.o)
 .text          0x00000f98        0x0 /usr/local/CrossPack-AVR-20121207/lib/gcc/avr/4.6.2/../../../../avr/lib/avr4/libc.a(strncpy.o)
 .text          0x00000f98        0x0 /usr/local/CrossPack-AVR-20121207/lib/gcc/avr/4.6.2/../../../../avr/lib/avr4/libc.a(eerd_block_atmega88.o)
                0x00000f98                . = ALIGN (0x2)
 *(.text.*)
 .text.startup  0x00000f98      0x55c ./cl-osd.o
                0x00000f98                main
 .text.libgcc   0x000014f4       0x3e /usr/local/CrossPack-AVR-20121207/lib/gcc/avr/4.6.2/avr4/libgcc.a(_mulsi3.o)
                0x000014f4                __mulsi3
 .text.libgcc   0x00001532       0x28 /usr/local/CrossPack-AVR-20121207/lib/gcc/avr/4.6.2/avr4/libgcc.a(_udivmodhi4.o)
                0x00001532                __udivmodhi4
 .text.libgcc   0x0000155a       0x44 /usr/local/CrossPack-AVR-20121207/lib/gcc/avr/4.6.2/avr4/libgcc.a(_udivmodsi4.o)
                0x0000155a                __udivmodsi4
 .text.libgcc   0x0000159e       0x36 /usr/local/CrossPack-AVR-20121207/lib/gcc/avr/4.6.2/avr4/libgcc.a(_divmodsi4.o)
                0x0000159e                __divmodsi4
 .text.libgcc   0x000015d4        0x0 /usr/local/CrossPack-AVR-20121207/lib/gcc/avr/4.6.2/avr4/libgcc.a(_exit.o)
 .text.libgcc   0x000015d4        0x0 /usr/local/CrossPack-AVR-20121207/lib/gcc/avr/4.6.2/avr4/libgcc.a(_copy_data.o)
 .text.libgcc   0x000015d4        0x0 /usr/local/CrossPack-AVR-20121207/lib/gcc/avr/4.6.2/avr4/libgcc.a(_clear_bss.o)
 .text.libgcc   0x000015d4       0x38 /usr/local/CrossPack-AVR-20121207/lib/gcc/avr/4.6.2/avr4/libgcc.a(_prologue.o)
                0x000015d4                __prologue_saves__
 .text.libgcc   0x0000160c       0x36 /usr/local/CrossPack-AVR-20121207/lib/gcc/avr/4.6.2/avr4/libgcc.a(_epilogue.o)
                0x0000160c                __epilogue_restores__
 .text.avr-libc
                0x00001642       0x1e /usr/local/CrossPack-AVR-20121207/lib/gcc/avr/4.6.2/../../../../avr/lib/avr4/libc.a(strncpy.o)
                0x00001642                strncpy
 .text.avr-libc
                0x00001660       0x20 /usr/local/CrossPack-AVR-20121207/lib/gcc/avr/4.6.2/../../../../avr/lib/avr4/libc.a(eerd_block_atmega88.o)
                0x00001660                __eerd_block_m88
                0x00001664                __eerd_blraw_m88
                0x00001680                . = ALIGN (0x2)
 *(.fini9)
 .fini9         0x00001680        0x0 /usr/local/CrossPack-AVR-20121207/lib/gcc/avr/4.6.2/avr4/libgcc.a(_exit.o)
                0x00001680                exit
                0x00001680                _exit
 *(.fini9)
 *(.fini8)
 *(.fini8)
 *(.fini7)
 *(.fini7)
 *(.fini6)
 *(.fini6)
 *(.fini5)
 *(.fini5)
 *(.fini4)
 *(.fini4)
 *(.fini3)
 *(.fini3)
 *(.fini2)
 *(.fini2)
 *(.fini1)
 *(.fini1)
 *(.fini0)
 .fini0         0x00001680        0x4 /usr/local/CrossPack-AVR-20121207/lib/gcc/avr/4.6.2/avr4/libgcc.a(_exit.o)
 *(.fini0)
                0x00001684                _etext = .

.data           0x00800100      0x122 load address 0x00001684
                0x00800100                PROVIDE (__data_start, .)
 *(.data)
 .data          0x00800100        0x0 /usr/local/CrossPack-AVR-20121207/lib/gcc/avr/4.6.2/../../../../avr/lib/avr4/crtm88.o
 .data          0x00800100       0x1a ./cl-osd.o
 .data          0x0080011a        0x0 /usr/local/CrossPack-AVR-20121207/lib/gcc/avr/4.6.2/avr4/libgcc.a(_mulsi3.o)
 .data          0x0080011a        0x0 /usr/local/CrossPack-AVR-20121207/lib/gcc/avr/4.6.2/avr4/libgcc.a(_udivmodhi4.o)
 .data          0x0080011a        0x0 /usr/local/CrossPack-AVR-20121207/lib/gcc/avr/4.6.2/avr4/libgcc.a(_udivmodsi4.o)
 .data          0x0080011a        0x0 /usr/local/CrossPack-AVR-20121207/lib/gcc/avr/4.6.2/avr4/libgcc.a(_divmodsi4.o)
 .data          0x0080011a        0x0 /usr/local/CrossPack-AVR-20121207/lib/gcc/avr/4.6.2/avr4/libgcc.a(_exit.o)
 .data          0x0080011a        0x0 /usr/local/CrossPack-AVR-20121207/lib/gcc/avr/4.6.2/avr4/libgcc.a(_copy_data.o)
 .data          0x0080011a        0x0 /usr/local/CrossPack-AVR-20121207/lib/gcc/avr/4.6.2/avr4/libgcc.a(_clear_bss.o)
 .data          0x0080011a        0x0 /usr/local/CrossPack-AVR-20121207/lib/gcc/avr/4.6.2/avr4/libgcc.a(_fixunssfsi.o)
 .data          0x0080011a        0x0 /usr/local/CrossPack-AVR-20121207/lib/gcc/avr/4.6.2/avr4/libgcc.a(_addsub_sf.o)
 .data          0x0080011a        0x0 /usr/local/CrossPack-AVR-20121207/lib/gcc/avr/4.6.2/avr4/libgcc.a(_mul_sf.o)
 .data          0x0080011a        0x0 /usr/local/CrossPack-AVR-20121207/lib/gcc/avr/4.6.2/avr4/libgcc.a(_ge_sf.o)
 .data          0x0080011a        0x0 /usr/local/CrossPack-AVR-20121207/lib/gcc/avr/4.6.2/avr4/libgcc.a(_sf_to_si.o)
 .data          0x0080011a        0x8 /usr/local/CrossPack-AVR-20121207/lib/gcc/avr/4.6.2/avr4/libgcc.a(_thenan_sf.o)
                0x0080011a                __thenan_sf
 .data          0x00800122        0x0 /usr/local/CrossPack-AVR-20121207/lib/gcc/avr/4.6.2/avr4/libgcc.a(_usi_to_sf.o)
 .data          0x00800122        0x0 /usr/local/CrossPack-AVR-20121207/lib/gcc/avr/4.6.2/avr4/libgcc.a(_prologue.o)
 .data          0x00800122        0x0 /usr/local/CrossPack-AVR-20121207/lib/gcc/avr/4.6.2/avr4/libgcc.a(_epilogue.o)
 .data          0x00800122        0x0 /usr/local/CrossPack-AVR-20121207/lib/gcc/avr/4.6.2/avr4/libgcc.a(_clzsi2.o)
 .data          0x00800122        0x0 /usr/local/CrossPack-AVR-20121207/lib/gcc/avr/4.6.2/avr4/libgcc.a(_pack_sf.o)
 .data          0x00800122        0x0 /usr/local/CrossPack-AVR-20121207/lib/gcc/avr/4.6.2/avr4/libgcc.a(_unpack_sf.o)
 .data          0x00800122        0x0 /usr/local/CrossPack-AVR-20121207/lib/gcc/avr/4.6.2/avr4/libgcc.a(_fpcmp_parts_sf.o)
 .data          0x00800122      0x100 /usr/local/CrossPack-AVR-20121207/lib/gcc/avr/4.6.2/avr4/libgcc.a(_clz.o)
                0x00800122                __clz_tab
 .data          0x00800222        0x0 /usr/local/CrossPack-AVR-20121207/lib/gcc/avr/4.6.2/../../../../avr/lib/avr4/libc.a(strncpy.o)
 .data          0x00800222        0x0 /usr/local/CrossPack-AVR-20121207/lib/gcc/avr/4.6.2/../../../../avr/lib/avr4/libc.a(eerd_block_atmega88.o)
 *(.data*)
 *(.rodata)
 *(.rodata*)
 *(.gnu.linkonce.d*)
                0x00800222                . = ALIGN (0x2)
                0x00800222                _edata = .
                0x00800222                PROVIDE (__data_end, .)

.bss            0x00800222      0x1af
                0x00800222                PROVIDE (__bss_start, .)
 *(.bss)
 .bss           0x00800222        0x0 /usr/local/CrossPack-AVR-20121207/lib/gcc/avr/4.6.2/../../../../avr/lib/avr4/crtm88.o
 .bss           0x00800222      0x1af ./cl-osd.o
 .bss           0x008003d1        0x0 /usr/local/CrossPack-AVR-20121207/lib/gcc/avr/4.6.2/avr4/libgcc.a(_mulsi3.o)
 .bss           0x008003d1        0x0 /usr/local/CrossPack-AVR-20121207/lib/gcc/avr/4.6.2/avr4/libgcc.a(_udivmodhi4.o)
 .bss           0x008003d1        0x0 /usr/local/CrossPack-AVR-20121207/lib/gcc/avr/4.6.2/avr4/libgcc.a(_udivmodsi4.o)
 .bss           0x008003d1        0x0 /usr/local/CrossPack-AVR-20121207/lib/gcc/avr/4.6.2/avr4/libgcc.a(_divmodsi4.o)
 .bss           0x008003d1        0x0 /usr/local/CrossPack-AVR-20121207/lib/gcc/avr/4.6.2/avr4/libgcc.a(_exit.o)
 .bss           0x008003d1        0x0 /usr/local/CrossPack-AVR-20121207/lib/gcc/avr/4.6.2/avr4/libgcc.a(_copy_data.o)
 .bss           0x008003d1        0x0 /usr/local/CrossPack-AVR-20121207/lib/gcc/avr/4.6.2/avr4/libgcc.a(_clear_bss.o)
 .bss           0x008003d1        0x0 /usr/local/CrossPack-AVR-20121207/lib/gcc/avr/4.6.2/avr4/libgcc.a(_fixunssfsi.o)
 .bss           0x008003d1        0x0 /usr/local/CrossPack-AVR-20121207/lib/gcc/avr/4.6.2/avr4/libgcc.a(_addsub_sf.o)
 .bss           0x008003d1        0x0 /usr/local/CrossPack-AVR-20121207/lib/gcc/avr/4.6.2/avr4/libgcc.a(_mul_sf.o)
 .bss           0x008003d1        0x0 /usr/local/CrossPack-AVR-20121207/lib/gcc/avr/4.6.2/avr4/libgcc.a(_ge_sf.o)
 .bss           0x008003d1        0x0 /usr/local/CrossPack-AVR-20121207/lib/gcc/avr/4.6.2/avr4/libgcc.a(_sf_to_si.o)
 .bss           0x008003d1        0x0 /usr/local/CrossPack-AVR-20121207/lib/gcc/avr/4.6.2/avr4/libgcc.a(_thenan_sf.o)
 .bss           0x008003d1        0x0 /usr/local/CrossPack-AVR-20121207/lib/gcc/avr/4.6.2/avr4/libgcc.a(_usi_to_sf.o)
 .bss           0x008003d1        0x0 /usr/local/CrossPack-AVR-20121207/lib/gcc/avr/4.6.2/avr4/libgcc.a(_prologue.o)
 .bss           0x008003d1        0x0 /usr/local/CrossPack-AVR-20121207/lib/gcc/avr/4.6.2/avr4/libgcc.a(_epilogue.o)
 .bss           0x008003d1        0x0 /usr/local/CrossPack-AVR-20121207/lib/gcc/avr/4.6.2/avr4/libgcc.a(_clzsi2.o)
 .bss           0x008003d1        0x0 /usr/local/CrossPack-AVR-20121207/lib/gcc/avr/4.6.2/avr4/libgcc.a(_pack_sf.o)
 .bss           0x008003d1        0x0 /usr/local/CrossPack-AVR-20121207/lib/gcc/avr/4.6.2/avr4/libgcc.a(_unpack_sf.o)
 .bss           0x008003d1        0x0 /usr/local/CrossPack-AVR-20121207/lib/gcc/avr/4.6.2/avr4/libgcc.a(_fpcmp_parts_sf.o)
 .bss           0x008003d1        0x0 /usr/local/CrossPack-AVR-20121207/lib/gcc/avr/4.6.2/avr4/libgcc.a(_clz.o)
 .bss           0x008003d1        0x0 /usr/local/CrossPack-AVR-20121207/lib/gcc/avr/4.6.2/../../../../avr/lib/avr4/libc.a(strncpy.o)
 .bss           0x008003d1        0x0 /usr/local/CrossPack-AVR-20121207/lib/gcc/avr/4.6.2/../../../../avr/lib/avr4/libc.a(eerd_block_atmega88.o)
 *(.bss*)
 *(COMMON)
                0x008003d1                PROVIDE (__bss_end, .)
                0x00001684                __data_load_start = LOADADDR (.data)
                0x000017a6                __data_load_end = (__data_load_start + SIZEOF (.data))

.noinit         0x008003d1        0x0
                0x008003d1                PROVIDE (__noinit_start, .)
 *(.noinit*)
                0x008003d1                PROVIDE (__noinit_end, .)
                0x008003d1                _end = .
                0x008003d1                PROVIDE (__heap_start, .)

.eeprom         0x00810000      0x200
 *(.eeprom*)
 .eeprom        0x00810000      0x200 ./cl-osd.o
                0x00810200                __eeprom_end = .

.fuse
 *(.fuse)
 *(.lfuse)
 *(.hfuse)
 *(.efuse)

.lock
 *(.lock*)

.signature
 *(.signature*)

.stab           0x00000000      0x8a0
 *(.stab)
 .stab          0x00000000      0x6cc /usr/local/CrossPack-AVR-20121207/lib/gcc/avr/4.6.2/../../../../avr/lib/avr4/crtm88.o
 .stab          0x000006cc       0xcc /usr/local/CrossPack-AVR-20121207/lib/gcc/avr/4.6.2/../../../../avr/lib/avr4/libc.a(strncpy.o)
                                 0xd8 (size before relaxing)
 .stab          0x00000798      0x108 /usr/local/CrossPack-AVR-20121207/lib/gcc/avr/4.6.2/../../../../avr/lib/avr4/libc.a(eerd_block_atmega88.o)
                                0x114 (size before relaxing)

.stabstr        0x00000000      0x13a
 *(.stabstr)
 .stabstr       0x00000000      0x13a /usr/local/CrossPack-AVR-20121207/lib/gcc/avr/4.6.2/../../../../avr/lib/avr4/crtm88.o

.stab.excl
 *(.stab.excl)

.stab.exclstr
 *(.stab.exclstr)

.stab.index
 *(.stab.index)

.stab.indexstr
 *(.stab.indexstr)

.comment
 *(.comment)

.debug
 *(.debug)

.line
 *(.line)

.debug_srcinfo
 *(.debug_srcinfo)

.debug_sfnames
 *(.debug_sfnames)

.debug_aranges  0x00000000      0x260
 *(.debug_aranges)
 .debug_aranges
                0x00000000       0x20 /usr/local/CrossPack-AVR-20121207/lib/gcc/avr/4.6.2/avr4/libgcc.a(_mulsi3.o)
 .debug_aranges
                0x00000020       0x20 /usr/local/CrossPack-AVR-20121207/lib/gcc/avr/4.6.2/avr4/libgcc.a(_udivmodhi4.o)
 .debug_aranges
                0x00000040       0x20 /usr/local/CrossPack-AVR-20121207/lib/gcc/avr/4.6.2/avr4/libgcc.a(_udivmodsi4.o)
 .debug_aranges
                0x00000060       0x20 /usr/local/CrossPack-AVR-20121207/lib/gcc/avr/4.6.2/avr4/libgcc.a(_divmodsi4.o)
 .debug_aranges
                0x00000080       0x20 /usr/local/CrossPack-AVR-20121207/lib/gcc/avr/4.6.2/avr4/libgcc.a(_exit.o)
 .debug_aranges
                0x000000a0       0x20 /usr/local/CrossPack-AVR-20121207/lib/gcc/avr/4.6.2/avr4/libgcc.a(_copy_data.o)
 .debug_aranges
                0x000000c0       0x20 /usr/local/CrossPack-AVR-20121207/lib/gcc/avr/4.6.2/avr4/libgcc.a(_clear_bss.o)
 .debug_aranges
                0x000000e0       0x20 /usr/local/CrossPack-AVR-20121207/lib/gcc/avr/4.6.2/avr4/libgcc.a(_fixunssfsi.o)
 .debug_aranges
                0x00000100       0x20 /usr/local/CrossPack-AVR-20121207/lib/gcc/avr/4.6.2/avr4/libgcc.a(_addsub_sf.o)
 .debug_aranges
                0x00000120       0x20 /usr/local/CrossPack-AVR-20121207/lib/gcc/avr/4.6.2/avr4/libgcc.a(_mul_sf.o)
 .debug_aranges
                0x00000140       0x20 /usr/local/CrossPack-AVR-20121207/lib/gcc/avr/4.6.2/avr4/libgcc.a(_ge_sf.o)
 .debug_aranges
                0x00000160       0x20 /usr/local/CrossPack-AVR-20121207/lib/gcc/avr/4.6.2/avr4/libgcc.a(_sf_to_si.o)
 .debug_aranges
                0x00000180       0x20 /usr/local/CrossPack-AVR-20121207/lib/gcc/avr/4.6.2/avr4/libgcc.a(_usi_to_sf.o)
 .debug_aranges
                0x000001a0       0x20 /usr/local/CrossPack-AVR-20121207/lib/gcc/avr/4.6.2/avr4/libgcc.a(_prologue.o)
 .debug_aranges
                0x000001c0       0x20 /usr/local/CrossPack-AVR-20121207/lib/gcc/avr/4.6.2/avr4/libgcc.a(_epilogue.o)
 .debug_aranges
                0x000001e0       0x20 /usr/local/CrossPack-AVR-20121207/lib/gcc/avr/4.6.2/avr4/libgcc.a(_clzsi2.o)
 .debug_aranges
                0x00000200       0x20 /usr/local/CrossPack-AVR-20121207/lib/gcc/avr/4.6.2/avr4/libgcc.a(_pack_sf.o)
 .debug_aranges
                0x00000220       0x20 /usr/local/CrossPack-AVR-20121207/lib/gcc/avr/4.6.2/avr4/libgcc.a(_unpack_sf.o)
 .debug_aranges
                0x00000240       0x20 /usr/local/CrossPack-AVR-20121207/lib/gcc/avr/4.6.2/avr4/libgcc.a(_fpcmp_parts_sf.o)

.debug_pubnames
 *(.debug_pubnames)

.debug_info     0x00000000     0x2184
 *(.debug_info)
 .debug_info    0x00000000       0xc0 /usr/local/CrossPack-AVR-20121207/lib/gcc/avr/4.6.2/avr4/libgcc.a(_mulsi3.o)
 .debug_info    0x000000c0       0xc0 /usr/local/CrossPack-AVR-20121207/lib/gcc/avr/4.6.2/avr4/libgcc.a(_udivmodhi4.o)
 .debug_info    0x00000180       0xc0 /usr/local/CrossPack-AVR-20121207/lib/gcc/avr/4.6.2/avr4/libgcc.a(_udivmodsi4.o)
 .debug_info    0x00000240       0xc0 /usr/local/CrossPack-AVR-20121207/lib/gcc/avr/4.6.2/avr4/libgcc.a(_divmodsi4.o)
 .debug_info    0x00000300       0xc0 /usr/local/CrossPack-AVR-20121207/lib/gcc/avr/4.6.2/avr4/libgcc.a(_exit.o)
 .debug_info    0x000003c0       0xc0 /usr/local/CrossPack-AVR-20121207/lib/gcc/avr/4.6.2/avr4/libgcc.a(_copy_data.o)
 .debug_info    0x00000480       0xc0 /usr/local/CrossPack-AVR-20121207/lib/gcc/avr/4.6.2/avr4/libgcc.a(_clear_bss.o)
 .debug_info    0x00000540       0xbd /usr/local/CrossPack-AVR-20121207/lib/gcc/avr/4.6.2/avr4/libgcc.a(_fixunssfsi.o)
 .debug_info    0x000005fd      0x455 /usr/local/CrossPack-AVR-20121207/lib/gcc/avr/4.6.2/avr4/libgcc.a(_addsub_sf.o)
 .debug_info    0x00000a52      0x3f8 /usr/local/CrossPack-AVR-20121207/lib/gcc/avr/4.6.2/avr4/libgcc.a(_mul_sf.o)
 .debug_info    0x00000e4a      0x28a /usr/local/CrossPack-AVR-20121207/lib/gcc/avr/4.6.2/avr4/libgcc.a(_ge_sf.o)
 .debug_info    0x000010d4      0x2a5 /usr/local/CrossPack-AVR-20121207/lib/gcc/avr/4.6.2/avr4/libgcc.a(_sf_to_si.o)
 .debug_info    0x00001379      0x15e /usr/local/CrossPack-AVR-20121207/lib/gcc/avr/4.6.2/avr4/libgcc.a(_thenan_sf.o)
 .debug_info    0x000014d7      0x232 /usr/local/CrossPack-AVR-20121207/lib/gcc/avr/4.6.2/avr4/libgcc.a(_usi_to_sf.o)
 .debug_info    0x00001709       0xc0 /usr/local/CrossPack-AVR-20121207/lib/gcc/avr/4.6.2/avr4/libgcc.a(_prologue.o)
 .debug_info    0x000017c9       0xc0 /usr/local/CrossPack-AVR-20121207/lib/gcc/avr/4.6.2/avr4/libgcc.a(_epilogue.o)
 .debug_info    0x00001889      0x130 /usr/local/CrossPack-AVR-20121207/lib/gcc/avr/4.6.2/avr4/libgcc.a(_clzsi2.o)
 .debug_info    0x000019b9      0x2d5 /usr/local/CrossPack-AVR-20121207/lib/gcc/avr/4.6.2/avr4/libgcc.a(_pack_sf.o)
 .debug_info    0x00001c8e      0x25c /usr/local/CrossPack-AVR-20121207/lib/gcc/avr/4.6.2/avr4/libgcc.a(_unpack_sf.o)
 .debug_info    0x00001eea      0x1f4 /usr/local/CrossPack-AVR-20121207/lib/gcc/avr/4.6.2/avr4/libgcc.a(_fpcmp_parts_sf.o)
 .debug_info    0x000020de       0xa6 /usr/local/CrossPack-AVR-20121207/lib/gcc/avr/4.6.2/avr4/libgcc.a(_clz.o)
 *(.gnu.linkonce.wi.*)

.debug_abbrev   0x00000000      0xe9a
 *(.debug_abbrev)
 .debug_abbrev  0x00000000       0x14 /usr/local/CrossPack-AVR-20121207/lib/gcc/avr/4.6.2/avr4/libgcc.a(_mulsi3.o)
 .debug_abbrev  0x00000014       0x14 /usr/local/CrossPack-AVR-20121207/lib/gcc/avr/4.6.2/avr4/libgcc.a(_udivmodhi4.o)
 .debug_abbrev  0x00000028       0x14 /usr/local/CrossPack-AVR-20121207/lib/gcc/avr/4.6.2/avr4/libgcc.a(_udivmodsi4.o)
 .debug_abbrev  0x0000003c       0x14 /usr/local/CrossPack-AVR-20121207/lib/gcc/avr/4.6.2/avr4/libgcc.a(_divmodsi4.o)
 .debug_abbrev  0x00000050       0x14 /usr/local/CrossPack-AVR-20121207/lib/gcc/avr/4.6.2/avr4/libgcc.a(_exit.o)
 .debug_abbrev  0x00000064       0x14 /usr/local/CrossPack-AVR-20121207/lib/gcc/avr/4.6.2/avr4/libgcc.a(_copy_data.o)
 .debug_abbrev  0x00000078       0x14 /usr/local/CrossPack-AVR-20121207/lib/gcc/avr/4.6.2/avr4/libgcc.a(_clear_bss.o)
 .debug_abbrev  0x0000008c       0x5d /usr/local/CrossPack-AVR-20121207/lib/gcc/avr/4.6.2/avr4/libgcc.a(_fixunssfsi.o)
 .debug_abbrev  0x000000e9      0x1af /usr/local/CrossPack-AVR-20121207/lib/gcc/avr/4.6.2/avr4/libgcc.a(_addsub_sf.o)
 .debug_abbrev  0x00000298      0x1d2 /usr/local/CrossPack-AVR-20121207/lib/gcc/avr/4.6.2/avr4/libgcc.a(_mul_sf.o)
 .debug_abbrev  0x0000046a      0x151 /usr/local/CrossPack-AVR-20121207/lib/gcc/avr/4.6.2/avr4/libgcc.a(_ge_sf.o)
 .debug_abbrev  0x000005bb      0x160 /usr/local/CrossPack-AVR-20121207/lib/gcc/avr/4.6.2/avr4/libgcc.a(_sf_to_si.o)
 .debug_abbrev  0x0000071b       0xcb /usr/local/CrossPack-AVR-20121207/lib/gcc/avr/4.6.2/avr4/libgcc.a(_thenan_sf.o)
 .debug_abbrev  0x000007e6      0x173 /usr/local/CrossPack-AVR-20121207/lib/gcc/avr/4.6.2/avr4/libgcc.a(_usi_to_sf.o)
 .debug_abbrev  0x00000959       0x14 /usr/local/CrossPack-AVR-20121207/lib/gcc/avr/4.6.2/avr4/libgcc.a(_prologue.o)
 .debug_abbrev  0x0000096d       0x14 /usr/local/CrossPack-AVR-20121207/lib/gcc/avr/4.6.2/avr4/libgcc.a(_epilogue.o)
 .debug_abbrev  0x00000981       0xc1 /usr/local/CrossPack-AVR-20121207/lib/gcc/avr/4.6.2/avr4/libgcc.a(_clzsi2.o)
 .debug_abbrev  0x00000a42      0x192 /usr/local/CrossPack-AVR-20121207/lib/gcc/avr/4.6.2/avr4/libgcc.a(_pack_sf.o)
 .debug_abbrev  0x00000bd4      0x14b /usr/local/CrossPack-AVR-20121207/lib/gcc/avr/4.6.2/avr4/libgcc.a(_unpack_sf.o)
 .debug_abbrev  0x00000d1f      0x11a /usr/local/CrossPack-AVR-20121207/lib/gcc/avr/4.6.2/avr4/libgcc.a(_fpcmp_parts_sf.o)
 .debug_abbrev  0x00000e39       0x61 /usr/local/CrossPack-AVR-20121207/lib/gcc/avr/4.6.2/avr4/libgcc.a(_clz.o)

.debug_line     0x00000000      0xac4
 *(.debug_line)
 .debug_line    0x00000000       0x79 /usr/local/CrossPack-AVR-20121207/lib/gcc/avr/4.6.2/avr4/libgcc.a(_mulsi3.o)
 .debug_line    0x00000079       0x6e /usr/local/CrossPack-AVR-20121207/lib/gcc/avr/4.6.2/avr4/libgcc.a(_udivmodhi4.o)
 .debug_line    0x000000e7       0x7c /usr/local/CrossPack-AVR-20121207/lib/gcc/avr/4.6.2/avr4/libgcc.a(_udivmodsi4.o)
 .debug_line    0x00000163       0x75 /usr/local/CrossPack-AVR-20121207/lib/gcc/avr/4.6.2/avr4/libgcc.a(_divmodsi4.o)
 .debug_line    0x000001d8       0x5c /usr/local/CrossPack-AVR-20121207/lib/gcc/avr/4.6.2/avr4/libgcc.a(_exit.o)
 .debug_line    0x00000234       0x65 /usr/local/CrossPack-AVR-20121207/lib/gcc/avr/4.6.2/avr4/libgcc.a(_copy_data.o)
 .debug_line    0x00000299       0x62 /usr/local/CrossPack-AVR-20121207/lib/gcc/avr/4.6.2/avr4/libgcc.a(_clear_bss.o)
 .debug_line    0x000002fb       0x62 /usr/local/CrossPack-AVR-20121207/lib/gcc/avr/4.6.2/avr4/libgcc.a(_fixunssfsi.o)
 .debug_line    0x0000035d       0xdd /usr/local/CrossPack-AVR-20121207/lib/gcc/avr/4.6.2/avr4/libgcc.a(_addsub_sf.o)
 .debug_line    0x0000043a       0xdd /usr/local/CrossPack-AVR-20121207/lib/gcc/avr/4.6.2/avr4/libgcc.a(_mul_sf.o)
 .debug_line    0x00000517       0x81 /usr/local/CrossPack-AVR-20121207/lib/gcc/avr/4.6.2/avr4/libgcc.a(_ge_sf.o)
 .debug_line    0x00000598       0x86 /usr/local/CrossPack-AVR-20121207/lib/gcc/avr/4.6.2/avr4/libgcc.a(_sf_to_si.o)
 .debug_line    0x0000061e       0x62 /usr/local/CrossPack-AVR-20121207/lib/gcc/avr/4.6.2/avr4/libgcc.a(_thenan_sf.o)
 .debug_line    0x00000680       0x8c /usr/local/CrossPack-AVR-20121207/lib/gcc/avr/4.6.2/avr4/libgcc.a(_usi_to_sf.o)
 .debug_line    0x0000070c       0x76 /usr/local/CrossPack-AVR-20121207/lib/gcc/avr/4.6.2/avr4/libgcc.a(_prologue.o)
 .debug_line    0x00000782       0x75 /usr/local/CrossPack-AVR-20121207/lib/gcc/avr/4.6.2/avr4/libgcc.a(_epilogue.o)
 .debug_line    0x000007f7       0x86 /usr/local/CrossPack-AVR-20121207/lib/gcc/avr/4.6.2/avr4/libgcc.a(_clzsi2.o)
 .debug_line    0x0000087d       0xba /usr/local/CrossPack-AVR-20121207/lib/gcc/avr/4.6.2/avr4/libgcc.a(_pack_sf.o)
 .debug_line    0x00000937       0x95 /usr/local/CrossPack-AVR-20121207/lib/gcc/avr/4.6.2/avr4/libgcc.a(_unpack_sf.o)
 .debug_line    0x000009cc       0xaa /usr/local/CrossPack-AVR-20121207/lib/gcc/avr/4.6.2/avr4/libgcc.a(_fpcmp_parts_sf.o)
 .debug_line    0x00000a76       0x4e /usr/local/CrossPack-AVR-20121207/lib/gcc/avr/4.6.2/avr4/libgcc.a(_clz.o)

.debug_frame    0x00000000      0x270
 *(.debug_frame)
 .debug_frame   0x00000000       0x44 /usr/local/CrossPack-AVR-20121207/lib/gcc/avr/4.6.2/avr4/libgcc.a(_fixunssfsi.o)
 .debug_frame   0x00000044       0x78 /usr/local/CrossPack-AVR-20121207/lib/gcc/avr/4.6.2/avr4/libgcc.a(_addsub_sf.o)
 .debug_frame   0x000000bc       0x48 /usr/local/CrossPack-AVR-20121207/lib/gcc/avr/4.6.2/avr4/libgcc.a(_mul_sf.o)
 .debug_frame   0x00000104       0x2c /usr/local/CrossPack-AVR-20121207/lib/gcc/avr/4.6.2/avr4/libgcc.a(_ge_sf.o)
 .debug_frame   0x00000130       0x30 /usr/local/CrossPack-AVR-20121207/lib/gcc/avr/4.6.2/avr4/libgcc.a(_sf_to_si.o)
 .debug_frame   0x00000160       0x38 /usr/local/CrossPack-AVR-20121207/lib/gcc/avr/4.6.2/avr4/libgcc.a(_usi_to_sf.o)
 .debug_frame   0x00000198       0x44 /usr/local/CrossPack-AVR-20121207/lib/gcc/avr/4.6.2/avr4/libgcc.a(_clzsi2.o)
 .debug_frame   0x000001dc       0x44 /usr/local/CrossPack-AVR-20121207/lib/gcc/avr/4.6.2/avr4/libgcc.a(_pack_sf.o)
 .debug_frame   0x00000220       0x24 /usr/local/CrossPack-AVR-20121207/lib/gcc/avr/4.6.2/avr4/libgcc.a(_unpack_sf.o)
 .debug_frame   0x00000244       0x2c /usr/local/CrossPack-AVR-20121207/lib/gcc/avr/4.6.2/avr4/libgcc.a(_fpcmp_parts_sf.o)

.debug_str      0x00000000      0x2f3
 *(.debug_str)
 .debug_str     0x00000000       0xf9 /usr/local/CrossPack-AVR-20121207/lib/gcc/avr/4.6.2/avr4/libgcc.a(_fixunssfsi.o)
                                0x13f (size before relaxing)
 .debug_str     0x000000f9      0x155 /usr/local/CrossPack-AVR-20121207/lib/gcc/avr/4.6.2/avr4/libgcc.a(_addsub_sf.o)
                                0x252 (size before relaxing)
 .debug_str     0x0000024e       0x27 /usr/local/CrossPack-AVR-20121207/lib/gcc/avr/4.6.2/avr4/libgcc.a(_mul_sf.o)
                                0x20b (size before relaxing)
 .debug_str     0x00000275        0x8 /usr/local/CrossPack-AVR-20121207/lib/gcc/avr/4.6.2/avr4/libgcc.a(_ge_sf.o)
                                0x1d9 (size before relaxing)
 .debug_str     0x0000027d        0xa /usr/local/CrossPack-AVR-20121207/lib/gcc/avr/4.6.2/avr4/libgcc.a(_sf_to_si.o)
                                0x1e2 (size before relaxing)
 .debug_str     0x00000000      0x184 /usr/local/CrossPack-AVR-20121207/lib/gcc/avr/4.6.2/avr4/libgcc.a(_thenan_sf.o)
 .debug_str     0x00000287       0x2a /usr/local/CrossPack-AVR-20121207/lib/gcc/avr/4.6.2/avr4/libgcc.a(_usi_to_sf.o)
                                0x1c4 (size before relaxing)
 .debug_str     0x000002b1       0x17 /usr/local/CrossPack-AVR-20121207/lib/gcc/avr/4.6.2/avr4/libgcc.a(_clzsi2.o)
                                0x14b (size before relaxing)
 .debug_str     0x000002c8       0x10 /usr/local/CrossPack-AVR-20121207/lib/gcc/avr/4.6.2/avr4/libgcc.a(_pack_sf.o)
                                0x1e1 (size before relaxing)
 .debug_str     0x000002d8        0xb /usr/local/CrossPack-AVR-20121207/lib/gcc/avr/4.6.2/avr4/libgcc.a(_unpack_sf.o)
                                0x1c3 (size before relaxing)
 .debug_str     0x000002e3       0x10 /usr/local/CrossPack-AVR-20121207/lib/gcc/avr/4.6.2/avr4/libgcc.a(_fpcmp_parts_sf.o)
                                0x1a7 (size before relaxing)
 .debug_str     0x00000000      0x12e /usr/local/CrossPack-AVR-20121207/lib/gcc/avr/4.6.2/avr4/libgcc.a(_clz.o)

.debug_loc      0x00000000      0xbdb
 *(.debug_loc)
 .debug_loc     0x00000000       0x97 /usr/local/CrossPack-AVR-20121207/lib/gcc/avr/4.6.2/avr4/libgcc.a(_fixunssfsi.o)
 .debug_loc     0x00000097      0x374 /usr/local/CrossPack-AVR-20121207/lib/gcc/avr/4.6.2/avr4/libgcc.a(_addsub_sf.o)
 .debug_loc     0x0000040b      0x1e5 /usr/local/CrossPack-AVR-20121207/lib/gcc/avr/4.6.2/avr4/libgcc.a(_mul_sf.o)
 .debug_loc     0x000005f0       0x69 /usr/local/CrossPack-AVR-20121207/lib/gcc/avr/4.6.2/avr4/libgcc.a(_ge_sf.o)
 .debug_loc     0x00000659       0x77 /usr/local/CrossPack-AVR-20121207/lib/gcc/avr/4.6.2/avr4/libgcc.a(_sf_to_si.o)
 .debug_loc     0x000006d0       0xb7 /usr/local/CrossPack-AVR-20121207/lib/gcc/avr/4.6.2/avr4/libgcc.a(_usi_to_sf.o)
 .debug_loc     0x00000787      0x139 /usr/local/CrossPack-AVR-20121207/lib/gcc/avr/4.6.2/avr4/libgcc.a(_clzsi2.o)
 .debug_loc     0x000008c0      0x1ec /usr/local/CrossPack-AVR-20121207/lib/gcc/avr/4.6.2/avr4/libgcc.a(_pack_sf.o)
 .debug_loc     0x00000aac       0xe5 /usr/local/CrossPack-AVR-20121207/lib/gcc/avr/4.6.2/avr4/libgcc.a(_unpack_sf.o)
 .debug_loc     0x00000b91       0x4a /usr/local/CrossPack-AVR-20121207/lib/gcc/avr/4.6.2/avr4/libgcc.a(_fpcmp_parts_sf.o)

.debug_macinfo
 *(.debug_macinfo)
OUTPUT(cl-osd.elf elf32-avr)
LOAD linker stubs

.debug_ranges   0x00000000       0x18
 .debug_ranges  0x00000000       0x18 /usr/local/CrossPack-AVR-20121207/lib/gcc/avr/4.6.2/avr4/libgcc.a(_mul_sf.o)
